exports[`test should render <App /> correctly 1`] = `null`;
