exports[`test should render <Routes /> correctly 1`] = `null`;
